
> smcalc_alc@0.1.1 build:renderer
> vite build

node.exe : [33mThe 
CJS build of Vite's 
Node API is 
deprecated. See https
://vitejs.dev/guide/t
roubleshooting.html#v
ite-cjs-node-api-depr
ecated for more 
details.[39m
En línea: 1 
Carácter: 1
+ & "C:\Program Files
\nodejs/node.exe" 
"C:\Program 
Files\nodejs/node_mo 
...
+ ~~~~~~~~~~~~~~~~~~~
~~~~~~~~~~~~~~~~~~~~~
~~~~~~~~~~~~~~~~~~~~~
~~~~~~~~
    + CategoryInfo   
           : 
NotSpecified: (    
[33mThe CJS bu...e 
de    
tails.[39m:String) 
[    ], 
RemoteException
    + 
FullyQualifiedError  
  Id : 
NativeCommandErr    
or
 
[36mvite v5.3.5 [32mbuilding for production...[36m[39m
transforming...
[32mÔ£ô[39m 18 modules transformed.
[31mx[39m Build 
failed in 361ms
[31merror during 
build:
[31m[vite:esbuild] 
Transform failed 
with 5 errors:
C:/Users/scarm/OneDri
ve/Escritorio/PROSTGO
SW/SMCALC_ALC 
2026.v12 (beta)/src/c
omponents/PropertiesP
anel.tsx:1286:34: 
ERROR: Unexpected 
closing fragment tag 
does not match 
opening "div" tag
C:/Users/scarm/OneDri
ve/Escritorio/PROSTGO
SW/SMCALC_ALC 
2026.v12 (beta)/src/c
omponents/PropertiesP
anel.tsx:1288:32: 
ERROR: The character 
"}" is not valid 
inside a JSX element
C:/Users/scarm/OneDri
ve/Escritorio/PROSTGO
SW/SMCALC_ALC 
2026.v12 (beta)/src/c
omponents/PropertiesP
anel.tsx:1288:36: 
ERROR: The character 
"}" is not valid 
inside a JSX element
C:/Users/scarm/OneDri
ve/Escritorio/PROSTGO
SW/SMCALC_ALC 
2026.v12 (beta)/src/c
omponents/PropertiesP
anel.tsx:2407:30: 
ERROR: Unexpected 
closing "div" tag 
does not match 
opening fragment tag
C:/Users/scarm/OneDri
ve/Escritorio/PROSTGO
SW/SMCALC_ALC 
2026.v12 (beta)/src/c
omponents/PropertiesP
anel.tsx:2407:36: 
ERROR: Expected ")" 
but found "{"[31m
file: [36mC:/Users/s
carm/OneDrive/Escrito
rio/PROSTGOSW/SMCALC_
ALC 2026.v12 (beta)/s
rc/components/Propert
iesPanel.tsx:1286:34
[31m
[33m
[33mUnexpected 
closing fragment tag 
does not match 
opening "div" 
tag[33m
1284|                
                     
     />
1285|                
                     
 </div>
1286|                
                  </>
   |                 
                   ^
1287|                
                  );
1288|                
                  
})()}

[33mThe character 
"}" is not valid 
inside a JSX 
element[33m
1286|                
                  </>
1287|                
                  );
1288|                
                  
})()}
   |                 
                 ^
1289|  
1290|                
                  
{/* PRESSURE PIPE 
PROPERTY EDITOR */}

[33mThe character 
"}" is not valid 
inside a JSX 
element[33m
1286|                
                  </>
1287|                
                  );
1288|                
                  
})()}
   |                 
                     
^
1289|  
1290|                
                  
{/* PRESSURE PIPE 
PROPERTY EDITOR */}

[33mUnexpected 
closing "div" tag 
does not match 
opening fragment 
tag[33m
2405|  
2406|                
                  
<div style={{ 
height: '40px' }} />
2407|                
              </div 
> {/* Content (379) 
*/ }
   |                 
               ^
2408|              
</div> {/* Outer 
(285) */}
2409|  

[33mExpected ")" 
but found "{"[33m
2405|  
2406|                
                  
<div style={{ 
height: '40px' }} />
2407|                
              </div 
> {/* Content (379) 
*/ }
   |                 
                     
^
2408|              
</div> {/* Outer 
(285) */}
2409|  
[31m
    at 
failureErrorWithLog (
C:\Users\scarm\OneDri
ve\Escritorio\PROSTGO
SW\SMCALC_ALC 
2026.v12 (beta)\node_
modules\esbuild\lib\m
ain.js:1472:15)
    at C:\Users\scarm
\OneDrive\Escritorio\
PROSTGOSW\SMCALC_ALC 
2026.v12 (beta)\node_
modules\esbuild\lib\m
ain.js:755:50
    at responseCallba
cks.<computed> (C:\Us
ers\scarm\OneDrive\Es
critorio\PROSTGOSW\SM
CALC_ALC 2026.v12 (be
ta)\node_modules\esbu
ild\lib\main.js:622:9
)
    at 
handleIncomingPacket 
(C:\Users\scarm\OneDr
ive\Escritorio\PROSTG
OSW\SMCALC_ALC 
2026.v12 (beta)\node_
modules\esbuild\lib\m
ain.js:677:12)
    at Socket.readFro
mStdout (C:\Users\sca
rm\OneDrive\Escritori
o\PROSTGOSW\SMCALC_AL
C 2026.v12 (beta)\nod
e_modules\esbuild\lib
\main.js:600:7)
    at Socket.emit 
(node:events:508:28)
    at addChunk (node
:internal/streams/rea
dable:559:12)
    at readableAddChu
nkPushByteMode (node:
internal/streams/read
able:510:3)
    at Readable.push 
(node:internal/stream
s/readable:390:5)
    at 
Pipe.onStreamRead (no
de:internal/stream_ba
se_commons:189:23)[3
9m
